a = aaaaa len=5
a + 123 = aaaaa123
b = 123
c = 1.230000
