bbb
ddd
k = aaa, v = value1
k = bbb, v = 123
unset
k = bbb, v = 123
