0
1
2
3
4
5
6
7
8
9
v = 1
v = 2
v = 3
key = bbb, value = 456
key = aaa, value = 123
