1
0 == 0
aaa == aaa
aaa != bbb
0 != 1
1 != 0
0 >= 0
1 >= 0
1 > 0
